============================================
   reed-solomon 1.0: tests/test-suite.log
============================================

# TOTAL: 3
# PASS:  3
# SKIP:  0
# XFAIL: 0
# FAIL:  0
# XPASS: 0
# ERROR: 0

System information (uname -a): Darwin 25.2.0 Darwin Kernel Version 25.2.0: Tue Nov 18 21:09:56 PST 2025; root:xnu-12377.61.12~1/RELEASE_ARM64_T6041

.. contents:: :depth: 2

